ims_msgs::RoboticsInputs[ArmID:0]/JointData[IDS1]/AbsoluteEncoderPositionUnits = float:0.00605093734
ims_msgs::RoboticsInputs[ArmID:0]/JointData[IDS1]/ForceActual/ErrorCode/enum_str = string:NoError
ims_msgs::RoboticsInputs[ArmID:0]/JointData[IDS1]/ForceActual/ErrorCode/enum_val = int32:0
ims_msgs::RoboticsInputs[ArmID:0]/JointData[IDS1]/ForceActual/ForceActual = double:2.9130000000000003
ims_msgs::RoboticsInputs[ArmID:0]/JointData[IDS1]/ForceActual/IsValid = bool:true
ims_msgs::RoboticsInputs[ArmID:0]/JointData[IDS1]/ForceActual/StatusWord/enum_str = string:Force_Status_Error
ims_msgs::RoboticsInputs[ArmID:0]/JointData[IDS1]/ForceActual/StatusWord/enum_val = int32:1
ims_msgs::RoboticsInputs[ArmID:0]/JointData[IDS1]/PositionActual = float:0.00605031243
ims_msgs::RoboticsInputs[ArmID:0]/JointData[IDS2]/AbsoluteEncoderPositionUnits = float:0.00297609367
ims_msgs::RoboticsInputs[ArmID:0]/JointData[IDS2]/ForceActual/ErrorCode/enum_str = string:NoError
ims_msgs::RoboticsInputs[ArmID:0]/JointData[IDS2]/ForceActual/ErrorCode/enum_val = int32:0
ims_msgs::RoboticsInputs[ArmID:0]/JointData[IDS2]/ForceActual/ForceActual = double:1.825
ims_msgs::RoboticsInputs[ArmID:0]/JointData[IDS2]/ForceActual/IsValid = bool:true
ims_msgs::RoboticsInputs[ArmID:0]/JointData[IDS2]/ForceActual/StatusWord/enum_str = string:Force_Status_Error
ims_msgs::RoboticsInputs[ArmID:0]/JointData[IDS2]/ForceActual/StatusWord/enum_val = int32:1
ims_msgs::RoboticsInputs[ArmID:0]/JointData[IDS2]/PositionActual = float:0.00297562499
ims_msgs::RoboticsInputs[ArmID:0]/JointData[IDS3]/AbsoluteEncoderPositionUnits = float:0.00299093756
ims_msgs::RoboticsInputs[ArmID:0]/JointData[IDS3]/ForceActual/ErrorCode/enum_str = string:NoError
ims_msgs::RoboticsInputs[ArmID:0]/JointData[IDS3]/ForceActual/ErrorCode/enum_val = int32:0
ims_msgs::RoboticsInputs[ArmID:0]/JointData[IDS3]/ForceActual/ForceActual = double:2.2389999999999999
ims_msgs::RoboticsInputs[ArmID:0]/JointData[IDS3]/ForceActual/IsValid = bool:true
ims_msgs::RoboticsInputs[ArmID:0]/JointData[IDS3]/ForceActual/StatusWord/enum_str = string:Force_Status_Error
ims_msgs::RoboticsInputs[ArmID:0]/JointData[IDS3]/ForceActual/StatusWord/enum_val = int32:1
ims_msgs::RoboticsInputs[ArmID:0]/JointData[IDS3]/PositionActual = float:0.00299015618
ims_msgs::RoboticsInputs[ArmID:0]/JointData[IDS4]/AbsoluteEncoderPositionUnits = float:0.00298562506
ims_msgs::RoboticsInputs[ArmID:0]/JointData[IDS4]/ForceActual/ErrorCode/enum_str = string:NoError
ims_msgs::RoboticsInputs[ArmID:0]/JointData[IDS4]/ForceActual/ErrorCode/enum_val = int32:0
ims_msgs::RoboticsInputs[ArmID:0]/JointData[IDS4]/ForceActual/ForceActual = double:0.51600000000000001
ims_msgs::RoboticsInputs[ArmID:0]/JointData[IDS4]/ForceActual/IsValid = bool:true
ims_msgs::RoboticsInputs[ArmID:0]/JointData[IDS4]/ForceActual/StatusWord/enum_str = string:Force_Status_Error
ims_msgs::RoboticsInputs[ArmID:0]/JointData[IDS4]/ForceActual/StatusWord/enum_val = int32:1
ims_msgs::RoboticsInputs[ArmID:0]/JointData[IDS4]/PositionActual = float:0.00298546883
ims_msgs::RoboticsInputs[ArmID:0]/JointData[J1]/AbsoluteEncoderPositionUnits = float:0.297332525
ims_msgs::RoboticsInputs[ArmID:0]/JointData[J1]/ForceActual/ErrorCode/enum_str = string:NoError
ims_msgs::RoboticsInputs[ArmID:0]/JointData[J1]/ForceActual/ErrorCode/enum_val = int32:0
ims_msgs::RoboticsInputs[ArmID:0]/JointData[J1]/ForceActual/ForceActual = double:0
ims_msgs::RoboticsInputs[ArmID:0]/JointData[J1]/ForceActual/IsValid = bool:false
ims_msgs::RoboticsInputs[ArmID:0]/JointData[J1]/ForceActual/StatusWord/enum_str = string:Force_Status_Error
ims_msgs::RoboticsInputs[ArmID:0]/JointData[J1]/ForceActual/StatusWord/enum_val = int32:1
ims_msgs::RoboticsInputs[ArmID:0]/JointData[J1]/PositionActual = float:0.297332525
ims_msgs::RoboticsInputs[ArmID:0]/JointData[J2]/AbsoluteEncoderPositionUnits = float:-0.0856917053
ims_msgs::RoboticsInputs[ArmID:0]/JointData[J2]/ForceActual/ErrorCode/enum_str = string:NoError
ims_msgs::RoboticsInputs[ArmID:0]/JointData[J2]/ForceActual/ErrorCode/enum_val = int32:0
ims_msgs::RoboticsInputs[ArmID:0]/JointData[J2]/ForceActual/ForceActual = double:0
ims_msgs::RoboticsInputs[ArmID:0]/JointData[J2]/ForceActual/IsValid = bool:false
ims_msgs::RoboticsInputs[ArmID:0]/JointData[J2]/ForceActual/StatusWord/enum_str = string:Force_Status_Error
ims_msgs::RoboticsInputs[ArmID:0]/JointData[J2]/ForceActual/StatusWord/enum_val = int32:1
ims_msgs::RoboticsInputs[ArmID:0]/JointData[J2]/PositionActual = float:-0.0856962204
ims_msgs::RoboticsInputs[ArmID:0]/JointData[J3]/AbsoluteEncoderPositionUnits = float:0.221783698
ims_msgs::RoboticsInputs[ArmID:0]/JointData[J3]/ForceActual/ErrorCode/enum_str = string:NoError
ims_msgs::RoboticsInputs[ArmID:0]/JointData[J3]/ForceActual/ErrorCode/enum_val = int32:0
ims_msgs::RoboticsInputs[ArmID:0]/JointData[J3]/ForceActual/ForceActual = double:0
ims_msgs::RoboticsInputs[ArmID:0]/JointData[J3]/ForceActual/IsValid = bool:false
ims_msgs::RoboticsInputs[ArmID:0]/JointData[J3]/ForceActual/StatusWord/enum_str = string:Force_Status_Error
ims_msgs::RoboticsInputs[ArmID:0]/JointData[J3]/ForceActual/StatusWord/enum_val = int32:1
ims_msgs::RoboticsInputs[ArmID:0]/JointData[J3]/PositionActual = float:0.221783698
ims_msgs::RoboticsInputs[ArmID:0]/JointData[J4]/AbsoluteEncoderPositionUnits = float:4.13963223
ims_msgs::RoboticsInputs[ArmID:0]/JointData[J4]/ForceActual/ErrorCode/enum_str = string:NoError
ims_msgs::RoboticsInputs[ArmID:0]/JointData[J4]/ForceActual/ErrorCode/enum_val = int32:0
ims_msgs::RoboticsInputs[ArmID:0]/JointData[J4]/ForceActual/ForceActual = double:0
ims_msgs::RoboticsInputs[ArmID:0]/JointData[J4]/ForceActual/IsValid = bool:false
ims_msgs::RoboticsInputs[ArmID:0]/JointData[J4]/ForceActual/StatusWord/enum_str = string:Force_Status_Error
ims_msgs::RoboticsInputs[ArmID:0]/JointData[J4]/ForceActual/StatusWord/enum_val = int32:1
ims_msgs::RoboticsInputs[ArmID:0]/JointData[J4]/PositionActual = float:4.1396265
ims_msgs::RoboticsInputs[ArmID:0]/JointData[J5]/AbsoluteEncoderPositionUnits = float:0.894144773
ims_msgs::RoboticsInputs[ArmID:0]/JointData[J5]/ForceActual/ErrorCode/enum_str = string:NoError
ims_msgs::RoboticsInputs[ArmID:0]/JointData[J5]/ForceActual/ErrorCode/enum_val = int32:0
ims_msgs::RoboticsInputs[ArmID:0]/JointData[J5]/ForceActual/ForceActual = double:0
ims_msgs::RoboticsInputs[ArmID:0]/JointData[J5]/ForceActual/IsValid = bool:false
ims_msgs::RoboticsInputs[ArmID:0]/JointData[J5]/ForceActual/StatusWord/enum_str = string:Force_Status_Error
ims_msgs::RoboticsInputs[ArmID:0]/JointData[J5]/ForceActual/StatusWord/enum_val = int32:1
ims_msgs::RoboticsInputs[ArmID:0]/JointData[J5]/PositionActual = float:0.894144773
ims_msgs::RoboticsInputs[ArmID:0]/JointData[J6]/AbsoluteEncoderPositionUnits = float:2.16904974
ims_msgs::RoboticsInputs[ArmID:0]/JointData[J6]/ForceActual/ErrorCode/enum_str = string:NoError
ims_msgs::RoboticsInputs[ArmID:0]/JointData[J6]/ForceActual/ErrorCode/enum_val = int32:0
ims_msgs::RoboticsInputs[ArmID:0]/JointData[J6]/ForceActual/ForceActual = double:0
ims_msgs::RoboticsInputs[ArmID:0]/JointData[J6]/ForceActual/IsValid = bool:false
ims_msgs::RoboticsInputs[ArmID:0]/JointData[J6]/ForceActual/StatusWord/enum_str = string:Force_Status_Error
ims_msgs::RoboticsInputs[ArmID:0]/JointData[J6]/ForceActual/StatusWord/enum_val = int32:1
ims_msgs::RoboticsInputs[ArmID:0]/JointData[J6]/PositionActual = float:2.16904974
ims_msgs::RoboticsInputs[ArmID:0]/JointData[J7]/AbsoluteEncoderPositionUnits = float:3.04393506
ims_msgs::RoboticsInputs[ArmID:0]/JointData[J7]/ForceActual/ErrorCode/enum_str = string:NoError
ims_msgs::RoboticsInputs[ArmID:0]/JointData[J7]/ForceActual/ErrorCode/enum_val = int32:0
ims_msgs::RoboticsInputs[ArmID:0]/JointData[J7]/ForceActual/ForceActual = double:0
ims_msgs::RoboticsInputs[ArmID:0]/JointData[J7]/ForceActual/IsValid = bool:false
ims_msgs::RoboticsInputs[ArmID:0]/JointData[J7]/ForceActual/StatusWord/enum_str = string:Force_Status_Error
ims_msgs::RoboticsInputs[ArmID:0]/JointData[J7]/ForceActual/StatusWord/enum_val = int32:1
ims_msgs::RoboticsInputs[ArmID:0]/JointData[J7]/PositionActual = float:3.04392338
ims_msgs::RoboticsInputs[ArmID:0]/MotorData[IDS1]/ControlWord = uint16:6
ims_msgs::RoboticsInputs[ArmID:0]/MotorData[IDS1]/CurrentActual = float:0.023
ims_msgs::RoboticsInputs[ArmID:0]/MotorData[IDS1]/IsOnline = bool:true
ims_msgs::RoboticsInputs[ArmID:0]/MotorData[IDS1]/IsPowerEnabled = bool:false
ims_msgs::RoboticsInputs[ArmID:0]/MotorData[IDS1]/MoveComplete = bool:false
ims_msgs::RoboticsInputs[ArmID:0]/MotorData[IDS1]/OperationMode = uint8:9
ims_msgs::RoboticsInputs[ArmID:0]/MotorData[IDS1]/PositionActual = float:-0
ims_msgs::RoboticsInputs[ArmID:0]/MotorData[IDS1]/PositionFollowingError = float:0
ims_msgs::RoboticsInputs[ArmID:0]/MotorData[IDS1]/StatusWord = uint16:5681
ims_msgs::RoboticsInputs[ArmID:0]/MotorData[IDS1]/TorqueActual = float:-0.000196199995
ims_msgs::RoboticsInputs[ArmID:0]/MotorData[IDS1]/ValueCommanded = float:0
ims_msgs::RoboticsInputs[ArmID:0]/MotorData[IDS1]/VelocityActual = float:-0
ims_msgs::RoboticsInputs[ArmID:0]/MotorData[IDS2]/ControlWord = uint16:6
ims_msgs::RoboticsInputs[ArmID:0]/MotorData[IDS2]/CurrentActual = float:0.0179999992
ims_msgs::RoboticsInputs[ArmID:0]/MotorData[IDS2]/IsOnline = bool:true
ims_msgs::RoboticsInputs[ArmID:0]/MotorData[IDS2]/IsPowerEnabled = bool:false
ims_msgs::RoboticsInputs[ArmID:0]/MotorData[IDS2]/MoveComplete = bool:false
ims_msgs::RoboticsInputs[ArmID:0]/MotorData[IDS2]/OperationMode = uint8:9
ims_msgs::RoboticsInputs[ArmID:0]/MotorData[IDS2]/PositionActual = float:-0
ims_msgs::RoboticsInputs[ArmID:0]/MotorData[IDS2]/PositionFollowingError = float:0
ims_msgs::RoboticsInputs[ArmID:0]/MotorData[IDS2]/StatusWord = uint16:5681
ims_msgs::RoboticsInputs[ArmID:0]/MotorData[IDS2]/TorqueActual = float:0
ims_msgs::RoboticsInputs[ArmID:0]/MotorData[IDS2]/ValueCommanded = float:0
ims_msgs::RoboticsInputs[ArmID:0]/MotorData[IDS2]/VelocityActual = float:-0
ims_msgs::RoboticsInputs[ArmID:0]/MotorData[IDS3]/ControlWord = uint16:6
ims_msgs::RoboticsInputs[ArmID:0]/MotorData[IDS3]/CurrentActual = float:0.0209999997
ims_msgs::RoboticsInputs[ArmID:0]/MotorData[IDS3]/IsOnline = bool:true
ims_msgs::RoboticsInputs[ArmID:0]/MotorData[IDS3]/IsPowerEnabled = bool:false
ims_msgs::RoboticsInputs[ArmID:0]/MotorData[IDS3]/MoveComplete = bool:false
ims_msgs::RoboticsInputs[ArmID:0]/MotorData[IDS3]/OperationMode = uint8:9
ims_msgs::RoboticsInputs[ArmID:0]/MotorData[IDS3]/PositionActual = float:-0
ims_msgs::RoboticsInputs[ArmID:0]/MotorData[IDS3]/PositionFollowingError = float:0
ims_msgs::RoboticsInputs[ArmID:0]/MotorData[IDS3]/StatusWord = uint16:5681
ims_msgs::RoboticsInputs[ArmID:0]/MotorData[IDS3]/TorqueActual = float:0
ims_msgs::RoboticsInputs[ArmID:0]/MotorData[IDS3]/ValueCommanded = float:0
ims_msgs::RoboticsInputs[ArmID:0]/MotorData[IDS3]/VelocityActual = float:-0
ims_msgs::RoboticsInputs[ArmID:0]/MotorData[IDS4]/ControlWord = uint16:6
ims_msgs::RoboticsInputs[ArmID:0]/MotorData[IDS4]/CurrentActual = float:0.0250000004
ims_msgs::RoboticsInputs[ArmID:0]/MotorData[IDS4]/IsOnline = bool:true
ims_msgs::RoboticsInputs[ArmID:0]/MotorData[IDS4]/IsPowerEnabled = bool:false
ims_msgs::RoboticsInputs[ArmID:0]/MotorData[IDS4]/MoveComplete = bool:false
ims_msgs::RoboticsInputs[ArmID:0]/MotorData[IDS4]/OperationMode = uint8:9
ims_msgs::RoboticsInputs[ArmID:0]/MotorData[IDS4]/PositionActual = float:-0
ims_msgs::RoboticsInputs[ArmID:0]/MotorData[IDS4]/PositionFollowingError = float:0
ims_msgs::RoboticsInputs[ArmID:0]/MotorData[IDS4]/StatusWord = uint16:5681
ims_msgs::RoboticsInputs[ArmID:0]/MotorData[IDS4]/TorqueActual = float:0.000130800006
ims_msgs::RoboticsInputs[ArmID:0]/MotorData[IDS4]/ValueCommanded = float:0
ims_msgs::RoboticsInputs[ArmID:0]/MotorData[IDS4]/VelocityActual = float:-0
ims_msgs::RoboticsInputs[ArmID:0]/MotorData[J1]/ControlWord = uint16:6
ims_msgs::RoboticsInputs[ArmID:0]/MotorData[J1]/CurrentActual = float:0
ims_msgs::RoboticsInputs[ArmID:0]/MotorData[J1]/IsOnline = bool:true
ims_msgs::RoboticsInputs[ArmID:0]/MotorData[J1]/IsPowerEnabled = bool:false
ims_msgs::RoboticsInputs[ArmID:0]/MotorData[J1]/MoveComplete = bool:false
ims_msgs::RoboticsInputs[ArmID:0]/MotorData[J1]/OperationMode = uint8:9
ims_msgs::RoboticsInputs[ArmID:0]/MotorData[J1]/PositionActual = float:0
ims_msgs::RoboticsInputs[ArmID:0]/MotorData[J1]/PositionFollowingError = float:0
ims_msgs::RoboticsInputs[ArmID:0]/MotorData[J1]/StatusWord = uint16:689
ims_msgs::RoboticsInputs[ArmID:0]/MotorData[J1]/TorqueActual = float:0
ims_msgs::RoboticsInputs[ArmID:0]/MotorData[J1]/ValueCommanded = float:0
ims_msgs::RoboticsInputs[ArmID:0]/MotorData[J1]/VelocityActual = float:0
ims_msgs::RoboticsInputs[ArmID:0]/MotorData[J2]/ControlWord = uint16:6
ims_msgs::RoboticsInputs[ArmID:0]/MotorData[J2]/CurrentActual = float:0
ims_msgs::RoboticsInputs[ArmID:0]/MotorData[J2]/IsOnline = bool:true
ims_msgs::RoboticsInputs[ArmID:0]/MotorData[J2]/IsPowerEnabled = bool:false
ims_msgs::RoboticsInputs[ArmID:0]/MotorData[J2]/MoveComplete = bool:false
ims_msgs::RoboticsInputs[ArmID:0]/MotorData[J2]/OperationMode = uint8:9
ims_msgs::RoboticsInputs[ArmID:0]/MotorData[J2]/PositionActual = float:0
ims_msgs::RoboticsInputs[ArmID:0]/MotorData[J2]/PositionFollowingError = float:0
ims_msgs::RoboticsInputs[ArmID:0]/MotorData[J2]/StatusWord = uint16:689
ims_msgs::RoboticsInputs[ArmID:0]/MotorData[J2]/TorqueActual = float:0
ims_msgs::RoboticsInputs[ArmID:0]/MotorData[J2]/ValueCommanded = float:0
ims_msgs::RoboticsInputs[ArmID:0]/MotorData[J2]/VelocityActual = float:0
ims_msgs::RoboticsInputs[ArmID:0]/MotorData[J3]/ControlWord = uint16:6
ims_msgs::RoboticsInputs[ArmID:0]/MotorData[J3]/CurrentActual = float:0
ims_msgs::RoboticsInputs[ArmID:0]/MotorData[J3]/IsOnline = bool:true
ims_msgs::RoboticsInputs[ArmID:0]/MotorData[J3]/IsPowerEnabled = bool:false
ims_msgs::RoboticsInputs[ArmID:0]/MotorData[J3]/MoveComplete = bool:false
ims_msgs::RoboticsInputs[ArmID:0]/MotorData[J3]/OperationMode = uint8:9
ims_msgs::RoboticsInputs[ArmID:0]/MotorData[J3]/PositionActual = float:0
ims_msgs::RoboticsInputs[ArmID:0]/MotorData[J3]/PositionFollowingError = float:0
ims_msgs::RoboticsInputs[ArmID:0]/MotorData[J3]/StatusWord = uint16:689
ims_msgs::RoboticsInputs[ArmID:0]/MotorData[J3]/TorqueActual = float:0
ims_msgs::RoboticsInputs[ArmID:0]/MotorData[J3]/ValueCommanded = float:0
ims_msgs::RoboticsInputs[ArmID:0]/MotorData[J3]/VelocityActual = float:0
ims_msgs::RoboticsInputs[ArmID:0]/MotorData[J4]/ControlWord = uint16:6
ims_msgs::RoboticsInputs[ArmID:0]/MotorData[J4]/CurrentActual = float:0
ims_msgs::RoboticsInputs[ArmID:0]/MotorData[J4]/IsOnline = bool:true
ims_msgs::RoboticsInputs[ArmID:0]/MotorData[J4]/IsPowerEnabled = bool:false
ims_msgs::RoboticsInputs[ArmID:0]/MotorData[J4]/MoveComplete = bool:false
ims_msgs::RoboticsInputs[ArmID:0]/MotorData[J4]/OperationMode = uint8:9
ims_msgs::RoboticsInputs[ArmID:0]/MotorData[J4]/PositionActual = float:0
ims_msgs::RoboticsInputs[ArmID:0]/MotorData[J4]/PositionFollowingError = float:0
ims_msgs::RoboticsInputs[ArmID:0]/MotorData[J4]/StatusWord = uint16:689
ims_msgs::RoboticsInputs[ArmID:0]/MotorData[J4]/TorqueActual = float:0
ims_msgs::RoboticsInputs[ArmID:0]/MotorData[J4]/ValueCommanded = float:0
ims_msgs::RoboticsInputs[ArmID:0]/MotorData[J4]/VelocityActual = float:0
ims_msgs::RoboticsInputs[ArmID:0]/MotorData[J5]/ControlWord = uint16:6
ims_msgs::RoboticsInputs[ArmID:0]/MotorData[J5]/CurrentActual = float:0
ims_msgs::RoboticsInputs[ArmID:0]/MotorData[J5]/IsOnline = bool:true
ims_msgs::RoboticsInputs[ArmID:0]/MotorData[J5]/IsPowerEnabled = bool:false
ims_msgs::RoboticsInputs[ArmID:0]/MotorData[J5]/MoveComplete = bool:false
ims_msgs::RoboticsInputs[ArmID:0]/MotorData[J5]/OperationMode = uint8:9
ims_msgs::RoboticsInputs[ArmID:0]/MotorData[J5]/PositionActual = float:0
ims_msgs::RoboticsInputs[ArmID:0]/MotorData[J5]/PositionFollowingError = float:0
ims_msgs::RoboticsInputs[ArmID:0]/MotorData[J5]/StatusWord = uint16:689
ims_msgs::RoboticsInputs[ArmID:0]/MotorData[J5]/TorqueActual = float:0
ims_msgs::RoboticsInputs[ArmID:0]/MotorData[J5]/ValueCommanded = float:0
ims_msgs::RoboticsInputs[ArmID:0]/MotorData[J5]/VelocityActual = float:0
ims_msgs::RoboticsInputs[ArmID:0]/MotorData[J6]/ControlWord = uint16:6
ims_msgs::RoboticsInputs[ArmID:0]/MotorData[J6]/CurrentActual = float:0
ims_msgs::RoboticsInputs[ArmID:0]/MotorData[J6]/IsOnline = bool:true
ims_msgs::RoboticsInputs[ArmID:0]/MotorData[J6]/IsPowerEnabled = bool:false
ims_msgs::RoboticsInputs[ArmID:0]/MotorData[J6]/MoveComplete = bool:false
ims_msgs::RoboticsInputs[ArmID:0]/MotorData[J6]/OperationMode = uint8:9
ims_msgs::RoboticsInputs[ArmID:0]/MotorData[J6]/PositionActual = float:0
ims_msgs::RoboticsInputs[ArmID:0]/MotorData[J6]/PositionFollowingError = float:0
ims_msgs::RoboticsInputs[ArmID:0]/MotorData[J6]/StatusWord = uint16:689
ims_msgs::RoboticsInputs[ArmID:0]/MotorData[J6]/TorqueActual = float:0
ims_msgs::RoboticsInputs[ArmID:0]/MotorData[J6]/ValueCommanded = float:0
ims_msgs::RoboticsInputs[ArmID:0]/MotorData[J6]/VelocityActual = float:0
ims_msgs::RoboticsInputs[ArmID:0]/MotorData[J7]/ControlWord = uint16:6
ims_msgs::RoboticsInputs[ArmID:0]/MotorData[J7]/CurrentActual = float:0
ims_msgs::RoboticsInputs[ArmID:0]/MotorData[J7]/IsOnline = bool:true
ims_msgs::RoboticsInputs[ArmID:0]/MotorData[J7]/IsPowerEnabled = bool:false
ims_msgs::RoboticsInputs[ArmID:0]/MotorData[J7]/MoveComplete = bool:false
ims_msgs::RoboticsInputs[ArmID:0]/MotorData[J7]/OperationMode = uint8:9
ims_msgs::RoboticsInputs[ArmID:0]/MotorData[J7]/PositionActual = float:0
ims_msgs::RoboticsInputs[ArmID:0]/MotorData[J7]/PositionFollowingError = float:0
ims_msgs::RoboticsInputs[ArmID:0]/MotorData[J7]/StatusWord = uint16:689
ims_msgs::RoboticsInputs[ArmID:0]/MotorData[J7]/TorqueActual = float:0
ims_msgs::RoboticsInputs[ArmID:0]/MotorData[J7]/ValueCommanded = float:0
ims_msgs::RoboticsInputs[ArmID:0]/MotorData[J7]/VelocityActual = float:0
ims_msgs::RoboticsInputs[ArmID:0]/SixDofData/AngularVelocity/X = float:0
ims_msgs::RoboticsInputs[ArmID:0]/SixDofData/AngularVelocity/Y = float:0
ims_msgs::RoboticsInputs[ArmID:0]/SixDofData/AngularVelocity/Z = float:0
ims_msgs::RoboticsInputs[ArmID:0]/SixDofData/ErrorCode/enum_str = string:NoError
ims_msgs::RoboticsInputs[ArmID:0]/SixDofData/ErrorCode/enum_val = int32:0
ims_msgs::RoboticsInputs[ArmID:0]/SixDofData/Forces/Fx = double:2.6857579999999999
ims_msgs::RoboticsInputs[ArmID:0]/SixDofData/Forces/Fy = double:-17.2469
ims_msgs::RoboticsInputs[ArmID:0]/SixDofData/Forces/Fz = double:4.1122560000000004
ims_msgs::RoboticsInputs[ArmID:0]/SixDofData/Forces/Mx = double:1.7376830000000001
ims_msgs::RoboticsInputs[ArmID:0]/SixDofData/Forces/My = double:0.18566299999999999
ims_msgs::RoboticsInputs[ArmID:0]/SixDofData/Forces/Mz = double:-0.070122000000000004
ims_msgs::RoboticsInputs[ArmID:0]/SixDofData/IsValid = bool:true
ims_msgs::RoboticsInputs[ArmID:0]/SixDofData/LinearAcceleration/X = float:-372
ims_msgs::RoboticsInputs[ArmID:0]/SixDofData/LinearAcceleration/Y = float:2368
ims_msgs::RoboticsInputs[ArmID:0]/SixDofData/LinearAcceleration/Z = float:-675
ims_msgs::RoboticsInputs[ArmID:0]/SixDofData/SampleCounter = uint32:2286882
ims_msgs::RoboticsInputs[ArmID:0]/SixDofData/StatusCode = uint32:262144
